마리아db

Enter password: whgP1221
Welcome to the MariaDB monitor.  Commands end with ; or \g.
Your MariaDB connection id is 17
Server version: 10.5.5-MariaDB mariadb.org binary distribution

Copyright (c) 2000, 2018, Oracle, MariaDB Corporation Ab and others.

Type 'help;' or '\h' for help. Type '\c' to clear the current input statement.

MariaDB [(none)]> database node
    -> ;
ERROR 1064 (42000): You have an error in your SQL syntax; check the manual that corresponds to your MariaDB server version for the right syntax to use near 'database node' at line 1
MariaDB [(none)]> databases
    -> ;
ERROR 1064 (42000): You have an error in your SQL syntax; check the manual that corresponds to your MariaDB server version for the right syntax to use near 'databases' at line 1
MariaDB [(none)]> insert into member(firstname,lastname,local,msg)
    -> values('zino','min','gangnam','hi');
ERROR 1046 (3D000): No database selected
MariaDB [(none)]> create database node
    -> ;
ERROR 1007 (HY000): Can't create database 'node'; database exists
MariaDB [(none)]> show databases;
+--------------------+
| Database           |
+--------------------+
| android            |
| information_schema |
| mydb               |
| mysql              |
| node               |
| performance_schema |
| test               |
+--------------------+
7 rows in set (0.001 sec)

MariaDB [(none)]> use node
Database changed
MariaDB [node]> insert into member(firstname,lastname,local,msg)
    -> values('zino','min','gangnam','hi');
Query OK, 1 row affected (0.093 sec)

MariaDB [node]>